Command: C:\Espressif\python_env\idf5.5_py3.11_env\Scripts\python.exe C:\Espressif\frameworks\esp-idf-v5.5.2\tools/idf_monitor.py -p COM3 -b 115200 --toolchain-prefix xtensa-esp32-elf- --target esp32 --revision 0 D:\DA2\hello_world\build\hello_world.elf D:\DA2\hello_world\build\bootloader\bootloader.elf --force-color -m 'C:\Espressif\python_env\idf5.5_py3.11_env\Scripts\python.exe' 'C:\Espressif\frameworks\esp-idf-v5.5.2\tools\idf.py'
ets Jul 29 2019 12:21:46

rst:0x1 (POWERON_RESET),boot:0x17 (SPI_FAST_FLASH_BOOT)
configsip: 0, SPIWP:0xee
clk_drv:0x00,q_drv:0x00,d_drv:0x00,cs0_drv:0x00,hd_drv:0x00,wp_drv:0x00
mode:DIO, clock div:2
load:0x3fff0030,len:6384
load:0x40078000,len:15916
load:0x40080400,len:3920
entry 0x40080644
[0;32mI (27) boot: ESP-IDF v5.5.2 2nd stage bootloader[0m
[0;32mI (27) boot: compile time Jan 25 2026 16:52:14[0m
[0;32mI (28) boot: Multicore bootloader[0m
[0;32mI (29) boot: chip revision: v3.1[0m
[0;32mI (32) boot.esp32: SPI Speed      : 40MHz[0m
[0;32mI (35) boot.esp32: SPI Mode       : DIO[0m
[0;32mI (39) boot.esp32: SPI Flash Size : 2MB[0m
[0;32mI (42) boot: Enabling RNG early entropy source...[0m
[0;32mI (47) boot: Partition Table:[0m
[0;32mI (49) boot: ## Label            Usage          Type ST Offset   Length[0m
[0;32mI (56) boot:  0 nvs              WiFi data        01 02 00009000 00006000[0m
[0;32mI (62) boot:  1 phy_init         RF data          01 01 0000f000 00001000[0m
[0;32mI (69) boot:  2 factory          factory app      00 00 00010000 00100000[0m
[0;32mI (75) boot: End of partition table[0m
[0;32mI (79) esp_image: segment 0: paddr=00010020 vaddr=3f400020 size=329f4h (207348) map[0m
[0;32mI (157) esp_image: segment 1: paddr=00042a1c vaddr=3ffb0000 size=040bch ( 16572) load[0m
[0;32mI (163) esp_image: segment 2: paddr=00046ae0 vaddr=40080000 size=09538h ( 38200) load[0m
[0;32mI (179) esp_image: segment 3: paddr=00050020 vaddr=400d0020 size=a5484h (676996) map[0m
[0;32mI (410) esp_image: segment 4: paddr=000f54ac vaddr=40089538 size=11848h ( 71752) load[0m
[0;32mI (438) esp_image: segment 5: paddr=00106cfc vaddr=50000000 size=00020h (    32) load[0m
[0;32mI (451) boot: Loaded app from partition at offset 0x10000[0m
[0;32mI (451) boot: Disabling RNG early entropy source...[0m
[0;32mI (462) cpu_start: Multicore app[0m
[0;32mI (470) cpu_start: GPIO 3 and 1 are used as console UART I/O pins[0m
[0;32mI (471) cpu_start: Pro cpu start user code[0m
[0;32mI (471) cpu_start: cpu freq: 160000000 Hz[0m
[0;32mI (473) app_init: Application information:[0m
[0;32mI (476) app_init: Project name:     hello_world[0m
[0;32mI (481) app_init: App version:      1[0m
[0;32mI (484) app_init: Compile time:     Jan 25 2026 17:19:58[0m
[0;32mI (489) app_init: ELF file SHA256:  8ee1b0c17...[0m
[0;32mI (493) app_init: ESP-IDF:          v5.5.2[0m
[0;32mI (497) efuse_init: Min chip rev:     v0.0[0m
[0;32mI (501) efuse_init: Max chip rev:     v3.99 [0m
[0;32mI (505) efuse_init: Chip rev:         v3.1[0m
[0;32mI (509) heap_init: Initializing. RAM available for dynamic allocation:[0m
[0;32mI (515) heap_init: At 3FFAE6E0 len 00001920 (6 KiB): DRAM[0m
[0;32mI (520) heap_init: At 3FFB8CE0 len 00027320 (156 KiB): DRAM[0m
[0;32mI (525) heap_init: At 3FFE0440 len 00003AE0 (14 KiB): D/IRAM[0m
[0;32mI (531) heap_init: At 3FFE4350 len 0001BCB0 (111 KiB): D/IRAM[0m
[0;32mI (536) heap_init: At 4009AD80 len 00005280 (20 KiB): IRAM[0m
[0;32mI (543) spi_flash: detected chip: generic[0m
[0;32mI (545) spi_flash: flash io: dio[0m
[0;33mW (548) spi_flash: Detected size(4096k) larger than the size in the binary image header(2048k). Using the size in the binary image header.[0m
[0;33mW (561) i2c: This driver is an old driver, please migrate your application code to adapt `driver/i2c_master.h`[0m
[0;33mW (570) ADC: legacy driver is deprecated, please migrate to `esp_adc/adc_oneshot.h`[0m
[0;32mI (578) main_task: Started on CPU0[0m
[0;32mI (588) main_task: Calling app_main()[0m
[0;32mI (588) MAIN: ========== SYSTEM START ==========[0m
[0;32mI (608) MAIN: GPIO initialized[0m
[0;32mI (618) wifi:wifi driver task: 3ffc0d80, prio:23, stack:6656, core=0[0m
[0;32mI (628) wifi:wifi firmware version: ee91c8c[0m
[0;32mI (628) wifi:wifi certification version: v7.0[0m
[0;32mI (628) wifi:config NVS flash: enabled[0m
[0;32mI (628) wifi:config nano formatting: disabled[0m
[0;32mI (628) wifi:Init data frame dynamic rx buffer num: 32[0m
[0;32mI (638) wifi:Init static rx mgmt buffer num: 5[0m
[0;32mI (638) wifi:Init management short buffer num: 32[0m
[0;32mI (648) wifi:Init dynamic tx buffer num: 32[0m
[0;32mI (648) wifi:Init static rx buffer size: 1600[0m
[0;32mI (658) wifi:Init static rx buffer num: 10[0m
[0;32mI (658) wifi:Init dynamic rx buffer num: 32[0m
[0;32mI (658) wifi_init: rx ba win: 6[0m
[0;32mI (668) wifi_init: accept mbox: 6[0m
[0;32mI (668) wifi_init: tcpip mbox: 32[0m
[0;32mI (668) wifi_init: udp mbox: 6[0m
[0;32mI (678) wifi_init: tcp mbox: 6[0m
[0;32mI (678) wifi_init: tcp tx win: 5760[0m
[0;32mI (678) wifi_init: tcp rx win: 5760[0m
[0;32mI (678) wifi_init: tcp mss: 1440[0m
[0;32mI (688) wifi_init: WiFi IRAM OP enabled[0m
[0;32mI (688) wifi_init: WiFi RX IRAM OP enabled[0m
[0;33mW (698) wifi:Password length matches WPA2 standards, authmode threshold changes from OPEN to WPA2[0m
[0;32mI (698) phy_init: phy_version 4863,a3a4459,Oct 28 2025,14:30:06[0m
[0;32mI (798) wifi:mode : sta (14:2b:2f:da:80:f4)[0m
[0;32mI (798) wifi:enable tsf[0m
[0;32mI (798) MAIN: WiFi initialized[0m
[0;32mI (798) MAIN: Waiting for WiFi...[0m
[0;32mI (898) wifi:new:<13,0>, old:<1,0>, ap:<255,255>, sta:<13,0>, prof:1, snd_ch_cfg:0x0[0m
[0;32mI (898) wifi:state: init -> auth (0xb0)[0m
[0;32mI (2188) wifi:state: auth -> assoc (0x0)[0m
[0;32mI (2198) wifi:state: assoc -> run (0x10)[0m
[0;32mI (2238) wifi:connected with Redmi Note 14, aid = 1, channel 13, BW20, bssid = 4e:90:14:13:ad:50[0m
[0;32mI (2238) wifi:security: WPA3-SAE, phy: bgn, rssi: -38[0m
[0;32mI (2238) wifi:pm start, type: 1[0m

[0;32mI (2238) wifi:dp: 1, bi: 102400, li: 3, scale listen interval from 307200 us to 307200 us[0m
[0;32mI (2328) wifi:dp: 2, bi: 102400, li: 4, scale listen interval from 307200 us to 409600 us[0m
[0;32mI (2328) wifi:AP's beacon interval = 102400 us, DTIM period = 2[0m
[0;32mI (3278) esp_netif_handlers: sta ip: 10.205.64.188, mask: 255.255.255.0, gw: 10.205.64.102[0m
[0;32mI (3278) MAIN: WiFi connected, IP: 10.205.64.188[0m
[0;32mI (5798) OLED: Initializing...[0m
[0;32mI (5928) OLED: Ready[0m
[0;32mI (5948) POWER: Initializing...[0m
[0;32mI (5968) POWER: ACS712 ch6 zero=2383mV[0m
[0;32mI (5978) POWER: ZMPT ch7 zero=2384mV[0m
[0;32mI (5988) POWER: ACS712 ch4 zero=2377mV[0m
[0;32mI (6008) POWER: ZMPT ch5 zero=2382mV[0m
[0;32mI (6008) POWER: Ready[0m
[0;32mI (6008) FIREBASE: Initializing...[0m
[0;32mI (6008) FIREBASE: URL: https://do-an-2-a0cea-default-rtdb.firebaseio.com[0m
[0;32mI (6008) FIREBASE: Firebase initialized[0m
[0;32mI (6008) MAIN: System ready[0m
[0;32mI (6018) MAIN: Stream Task Started[0m
[0;32mI (6018) MAIN: Push Task Started[0m
[0;32mI (6018) MAIN: Main task started[0m
[0;32mI (6028) MAIN: ========== RUNNING ==========[0m
[0;32mI (6028) main_task: Returned from app_main()[0m
ï¿½ï¿½ï¿½ï¿½ï¿½ï¿½ï¿½ï¿½ï¿½ï¿½ï¿½ï¿½ï¿½ï¿½ï¿½ï¿½ï¿½ï¿½ï¿½ï¿½ï¿½ï¿½ï¿½ï¿½ï¿½ï¿½ï¿½ï¿½ï¿½ï¿½ï¿½ï¿½ï¿½ï¿½ï¿½ï¿½ï¿½ï¿½ï¿½ï¿½ï¿½ï¿½ï¿½ï¿½ï¿½ï¿½ï¿½ï¿½ï¿½ï¿½ï¿½ï¿½ï¿½ï¿½ï¿½ï¿½ï¿½ï¿½ï¿½ï¿½ï¿½ï¿½ï¿½ï¿½(10728) wifi:<ba-add>idx:0 (ifx:0, 4e:90:14:13:ad:50), tid:3, ssn:16, winSize:64
[0;32mI (111488) wifi:[ADDBA]RX DELBA, reason:1, delete tid:0, initiator:0(recipient)[0m
ï¿½ï¿½ï¿½ï¿½ï¿½ï¿½ï¿½ï¿½ï¿½ï¿½ï¿½ï¿½ï¿½ï¿½ï¿½ï¿½ï¿½ï¿½ï¿½ï¿½ï¿½ï¿½ï¿½ï¿½ï¿½ï¿½ï¿½ï¿½ï¿½ï¿½ï¿½ï¿½ï¿½ï¿½ï¿½ï¿½ï¿½ï¿½ï¿½ï¿½ï¿½ï¿½ï¿½ï¿½ï¿½ï¿½ï¿½ï¿½ï¿½ï¿½ï¿½ï¿½ï¿½ï¿½ï¿½ï¿½ï¿½ï¿½ï¿½ï¿½ï¿½ï¿½ï¿½ï¿½ (135908) wifi:[ADDBA]RX DELBA, reason:1, delete tid:0, initiator:0(recipient)
